\BOOKMARK [1][-]{section.1}{\376\377\000I\000n\000t\000r\000o\000d\000u\000c\000t\000i\000o\000n}{}% 1
\BOOKMARK [2][-]{subsection.1.1}{\376\377\000B\000a\000c\000k\000g\000r\000o\000u\000n\000d}{section.1}% 2
\BOOKMARK [2][-]{subsection.1.2}{\376\377\000L\000i\000t\000e\000r\000a\000t\000u\000r\000e\000\040\000R\000e\000v\000i\000e\000w}{section.1}% 3
\BOOKMARK [2][-]{subsection.1.3}{\376\377\000T\000h\000e\000\040\000D\000e\000s\000c\000r\000i\000p\000t\000i\000o\000n\000\040\000o\000f\000\040\000t\000h\000e\000\040\000P\000r\000o\000b\000l\000e\000m}{section.1}% 4
\BOOKMARK [2][-]{subsection.1.4}{\376\377\000O\000u\000r\000\040\000w\000o\000r\000k}{section.1}% 5
\BOOKMARK [1][-]{section.2}{\376\377\000t\000i\000t\000l\000e}{}% 6
\BOOKMARK [2][-]{subsection.2.1}{\376\377\000t\000i\000t\000l\000e}{section.2}% 7
\BOOKMARK [3][-]{subsubsection.2.1.1}{\376\377\000t\000i\000t\000l\000e}{subsection.2.1}% 8
\BOOKMARK [1][-]{section.3}{\376\377\000A\000s\000s\000u\000m\000p\000t\000i\000o\000n\000s}{}% 9
\BOOKMARK [1][-]{section.4}{\376\377\000N\000o\000t\000a\000t\000i\000o\000n\000s}{}% 10
\BOOKMARK [2][-]{subsection.4.1}{\376\377\000P\000r\000o\000o\000f\000\040\000o\000f\000\040\000L\000a\000g\000r\000a\000n\000g\000e\000\040\000M\000e\000a\000n\000\040\000V\000a\000l\000u\000e\000\040\000T\000h\000e\000o\000r\000e\000m}{section.4}% 11
\BOOKMARK [3][-]{subsubsection.4.1.1}{\376\377\000S\000t\000e\000p\000\040\0001\000:\000\040\000C\000o\000n\000s\000t\000r\000u\000c\000t\000\040\000t\000h\000e\000\040\000A\000u\000x\000i\000l\000i\000a\000r\000y\000\040\000F\000u\000n\000c\000t\000i\000o\000n}{subsection.4.1}% 12
\BOOKMARK [1][-]{section.5}{\376\377\000M\000o\000d\000e\000l\000s}{}% 13
\BOOKMARK [2][-]{subsection.5.1}{\376\377\000M\000o\000d\000e\000l\000i\000n\000g\000\040\000a\000n\000d\000\040\000S\000o\000l\000v\000i\000n\000g\000\040\000o\000f\000\040\000P\000r\000o\000b\000l\000e\000m\000\040\0001}{section.5}% 14
\BOOKMARK [3][-]{subsubsection.5.1.1}{\376\377\000P\000r\000o\000b\000l\000e\000m\000\040\000A\000n\000a\000l\000y\000s\000i\000s}{subsection.5.1}% 15
\BOOKMARK [3][-]{subsubsection.5.1.2}{\376\377\000M\000o\000d\000e\000l\000\040\000P\000r\000e\000p\000a\000r\000a\000t\000i\000o\000n}{subsection.5.1}% 16
\BOOKMARK [3][-]{subsubsection.5.1.3}{\376\377\000M\000o\000d\000e\000l\000\040\000C\000o\000n\000s\000t\000r\000u\000c\000t\000i\000o\000n}{subsection.5.1}% 17
\BOOKMARK [3][-]{subsubsection.5.1.4}{\376\377\000M\000o\000d\000e\000l\000\040\000S\000o\000l\000u\000t\000i\000o\000n}{subsection.5.1}% 18
\BOOKMARK [2][-]{subsection.5.2}{\376\377\000M\000o\000d\000e\000l\000i\000n\000g\000\040\000a\000n\000d\000\040\000S\000o\000l\000v\000i\000n\000g\000\040\000o\000f\000\040\000P\000r\000o\000b\000l\000e\000m\000\040\0001}{section.5}% 19
\BOOKMARK [3][-]{subsubsection.5.2.1}{\376\377\000P\000r\000o\000b\000l\000e\000m\000\040\000A\000n\000a\000l\000y\000s\000i\000s}{subsection.5.2}% 20
\BOOKMARK [3][-]{subsubsection.5.2.2}{\376\377\000M\000o\000d\000e\000l\000\040\000P\000r\000e\000p\000a\000r\000a\000t\000i\000o\000n}{subsection.5.2}% 21
\BOOKMARK [3][-]{subsubsection.5.2.3}{\376\377\000M\000o\000d\000e\000l\000\040\000C\000o\000n\000s\000t\000r\000u\000c\000t\000i\000o\000n}{subsection.5.2}% 22
\BOOKMARK [3][-]{subsubsection.5.2.4}{\376\377\000M\000o\000d\000e\000l\000\040\000S\000o\000l\000u\000t\000i\000o\000n}{subsection.5.2}% 23
\BOOKMARK [2][-]{subsection.5.3}{\376\377\000M\000o\000d\000e\000l\000i\000n\000g\000\040\000a\000n\000d\000\040\000S\000o\000l\000v\000i\000n\000g\000\040\000o\000f\000\040\000P\000r\000o\000b\000l\000e\000m\000\040\0001}{section.5}% 24
\BOOKMARK [3][-]{subsubsection.5.3.1}{\376\377\000P\000r\000o\000b\000l\000e\000m\000\040\000A\000n\000a\000l\000y\000s\000i\000s}{subsection.5.3}% 25
\BOOKMARK [3][-]{subsubsection.5.3.2}{\376\377\000M\000o\000d\000e\000l\000\040\000P\000r\000e\000p\000a\000r\000a\000t\000i\000o\000n}{subsection.5.3}% 26
\BOOKMARK [3][-]{subsubsection.5.3.3}{\376\377\000M\000o\000d\000e\000l\000\040\000C\000o\000n\000s\000t\000r\000u\000c\000t\000i\000o\000n}{subsection.5.3}% 27
\BOOKMARK [3][-]{subsubsection.5.3.4}{\376\377\000M\000o\000d\000e\000l\000\040\000S\000o\000l\000u\000t\000i\000o\000n}{subsection.5.3}% 28
\BOOKMARK [1][-]{section.6}{\376\377\000S\000e\000n\000s\000i\000t\000i\000v\000i\000t\000y\000\040\000A\000n\000a\000l\000y\000s\000i\000s}{}% 29
\BOOKMARK [1][-]{section.7}{\376\377\000M\000o\000d\000e\000l\000\040\000E\000v\000a\000l\000u\000a\000t\000i\000o\000n\000\040\000a\000n\000d\000\040\000P\000r\000o\000m\000o\000t\000i\000o\000n}{}% 30
\BOOKMARK [2][-]{subsection.7.1}{\376\377\000M\000o\000d\000e\000l\000\040\000E\000v\000a\000l\000u\000a\000t\000i\000o\000n}{section.7}% 31
\BOOKMARK [3][-]{subsubsection.7.1.1}{\376\377\000A\000d\000v\000a\000n\000t\000a\000g\000e\000s}{subsection.7.1}% 32
\BOOKMARK [3][-]{subsubsection.7.1.2}{\376\377\000L\000i\000m\000i\000t\000a\000t\000i\000o\000n\000s}{subsection.7.1}% 33
\BOOKMARK [2][-]{subsection.7.2}{\376\377\000F\000u\000t\000u\000r\000e\000\040\000W\000o\000r\000k}{section.7}% 34
\BOOKMARK [3][-]{subsubsection.7.2.1}{\376\377\000M\000o\000d\000e\000l\000\040\000e\000x\000t\000e\000n\000s\000i\000o\000n}{subsection.7.2}% 35
\BOOKMARK [3][-]{subsubsection.7.2.2}{\376\377\000M\000o\000d\000e\000l\000\040\000a\000p\000p\000l\000i\000c\000a\000t\000i\000o\000n}{subsection.7.2}% 36
\BOOKMARK [1][-]{section.8}{\376\377\000C\000o\000n\000c\000l\000u\000s\000i\000o\000n\000s}{}% 37
